pages/Tasks.tsx(30,29): error TS2345: Argument of type 'string | undefined' is not assignable to parameter of type 'SetStateAction<string>'.
  Type 'undefined' is not assignable to type 'SetStateAction<string>'.
services/supabase.ts(5,41): error TS2339: Property 'env' does not exist on type 'ImportMeta'.
services/supabase.ts(6,41): error TS2339: Property 'env' does not exist on type 'ImportMeta'.
